---
source: crates/oarfish-drain/tests/corpus.rs
assertion_line: 350
---
lines: 2000 clusters: 6
836 [<VAR:TS>] [notice] jk2_init() Found child <VAR:NUM> in scoreboard slot <VAR:NUM>
  eg: [Sun Dec 04 04:51:08 2005] [notice] jk2_init() Found child 6725 in scoreboard slot 10
569 [<VAR:TS>] [notice] workerEnv.init() ok <VAR:PATH>
  eg: [Sun Dec 04 04:47:44 2005] [notice] workerEnv.init() ok /etc/httpd/conf/workers2.properties
539 [<VAR:TS>] [error] mod_jk child workerEnv in error state <VAR:NUM>
  eg: [Sun Dec 04 04:47:44 2005] [error] mod_jk child workerEnv in error state 6
32 [<VAR:TS>] [error] [client <VAR:IP4>] Directory index forbidden by rule: <VAR:PATH>
  eg: [Sun Dec 04 05:15:09 2005] [error] [client 222.166.160.184] Directory index forbidden by rule: /var/www/html/
12 [<VAR:TS>] [error] jk2_init() Can't find child <VAR:NUM> in scoreboard
  eg: [Sun Dec 04 17:43:08 2005] [error] jk2_init() Can't find child 1566 in scoreboard
12 [<VAR:TS>] [error] mod_jk child init <VAR:NUM> -<VAR:NUM>
  eg: [Sun Dec 04 17:43:12 2005] [error] mod_jk child init 1 -2
