---
source: crates/oarfish-mask/tests/corpus.rs
assertion_line: 36
expression: render(&contents)
input_file: crates/oarfish-mask/tests/corpus/kernel.log
---
raw:    EXT4-fs error (device sda1): ext4_find_entry:1455: inode #98304: comm ls: reading directory lblock 0
masked: EXT4-fs error (device <VAR:DEV>): ext4_find_entry:<VAR:NUM>: inode #<VAR:NUM>: comm ls: reading directory lblock <VAR:NUM>

raw:    EXT4-fs (dm-3): mounted filesystem with ordered data mode. Opts: (null)
masked: EXT4-fs (<VAR:DEV>): mounted filesystem with ordered data mode. Opts: (null)

raw:    nvme nvme0: I/O 442 QID 3 timeout, aborting
masked: nvme nvme0: I/O <VAR:NUM> QID <VAR:NUM> timeout, aborting

raw:    nvme nvme0: Abort status: 0x0
masked: nvme nvme0: Abort status: <VAR:HEX>

raw:    Out of memory: Killed process 28143 (postgres) total-vm:4194304kB, anon-rss:2097152kB
masked: Out of memory: Killed process <VAR:NUM> (postgres) total-vm:<VAR:SIZE>, anon-rss:<VAR:SIZE>

raw:    BUG: unable to handle kernel NULL pointer dereference at 0xffff888100a41000
masked: BUG: unable to handle kernel NULL pointer dereference at <VAR:HEX>

raw:    CPU: 3 PID: 28143 Comm: postgres Tainted: G           OE     6.11.4-arch1-1
masked: CPU: <VAR:NUM> PID: <VAR:NUM> Comm: postgres Tainted: G           OE     <VAR:NUM>.<VAR:NUM>-arch1-<VAR:NUM>

raw:    usb 1-4: new high-speed USB device number 7 using xhci_hcd
masked: usb <VAR:NUM>-<VAR:NUM>: new high-speed USB device number <VAR:NUM> using xhci_hcd

raw:    eth0: link up, 1000 Mbps, full duplex
masked: eth0: link up, <VAR:NUM> Mbps, full duplex

raw:    TCP: request_sock_TCP: Possible SYN flooding on port 443. Sending cookies.
masked: TCP: request_sock_TCP: Possible SYN flooding on port <VAR:NUM>. Sending cookies.
